#
# A fatal error has been detected by the Java Runtime Environment:
#
#  EXCEPTION_ACCESS_VIOLATION (0xc0000005) at pc=0x0000000180011066, pid=11916, tid=15116
#
# JRE version: OpenJDK Runtime Environment Temurin-21.0.11+10 (21.0.11+10) (build 21.0.11+10-LTS)
# Java VM: OpenJDK 64-Bit Server VM Temurin-21.0.11+10 (21.0.11+10-LTS, mixed mode, sharing, tiered, compressed oops, compressed class ptrs, g1 gc, windows-amd64)
# Problematic frame:
# C  [OpenAL64.dll+0x11066]
#
# No core dump will be written. Minidumps are not enabled by default on client versions of Windows
#
# If you would like to submit a bug report, please visit:
#   https://github.com/adoptium/adoptium-support/issues
# The crash happened outside the Java Virtual Machine in native code.
# See problematic frame for where to report the bug.
#

---------------  S U M M A R Y ------------

Command Line: -Dfile.encoding=UTF-8 -Duser.country=US -Duser.language=en -Duser.variant com.mygame.Main

Host: 12th Gen Intel(R) Core(TM) i5-12400F, 12 cores, 31G,  Windows 10 , 64 bit Build 19041 (10.0.19041.5915)
Time: Tue Jul 21 14:45:12 2026 Russia TZ 4 Standard Time elapsed time: 0.619172 seconds (0d 0h 0m 0s)

---------------  T H R E A D  ---------------

Current thread (0x0000017e1999ff90):  JavaThread "jME3 Main"        [_thread_in_native, id=15116, stack(0x000000315a800000,0x000000315a900000) (1024K)]

Stack: [0x000000315a800000,0x000000315a900000],  sp=0x000000315a8fe920,  free space=1018k
Native frames: (J=compiled Java code, j=interpreted, Vv=VM code, C=native code)
C  [OpenAL64.dll+0x11066]

Java frames: (J=compiled Java code, j=interpreted, Vv=VM code)
j  org.lwjgl.openal.ALC10.nalcCreateContext(JJ)J+0
j  org.lwjgl.openal.ALC10.alcCreateContext(Lorg/lwjgl/openal/ALCdevice;Ljava/nio/IntBuffer;)Lorg/lwjgl/openal/ALCcontext;+8
j  org.lwjgl.openal.AL.init(Ljava/lang/String;IIZZ)V+69
j  org.lwjgl.openal.AL.create(Ljava/lang/String;IIZZ)V+245
j  org.lwjgl.openal.AL.create(Ljava/lang/String;IIZ)V+5
j  org.lwjgl.openal.AL.create()V+6
j  com.jme3.audio.lwjgl.LwjglALC.createALC()V+5
j  com.jme3.audio.openal.ALAudioRenderer.initOpenAL()V+16
j  com.jme3.audio.openal.ALAudioRenderer.initialize()V+22
j  com.jme3.app.LegacyApplication.initAudio()V+40
j  com.jme3.app.LegacyApplication.initialize()V+31
j  com.jme3.app.SimpleApplication.initialize()V+1
j  com.jme3.system.lwjgl.LwjglAbstractDisplay.initInThread()Z+97
j  com.jme3.system.lwjgl.LwjglAbstractDisplay.run()V+36
j  java.lang.Thread.runWith(Ljava/lang/Object;Ljava/lang/Runnable;)V+5 java.base@21.0.11
j  java.lang.Thread.run()V+19 java.base@21.0.11
v  ~StubRoutines::call_stub 0x0000017e0753100d

siginfo: EXCEPTION_ACCESS_VIOLATION (0xc0000005), reading address 0x0000017e65483004


Registers:
RAX=0x0000000000000004, RBX=0x0000017e68400090, RCX=0x0000017e65483008, RDX=0x0000017e65483004
RSP=0x000000315a8fe920, RBP=0x00000000000000ff, RSI=0x0000017e6548074c, RDI=0x0000000000000000
R8 =0x0000000000000a2e, R9 =0x0000017e6548074c, R10=0x0000017e0753cd3c, R11=0x0000000621155028
R12=0x0000000000000001, R13=0x0000017e5b70fcd8, R14=0x000000315a8feac0, R15=0x0000017e1999ff90
RIP=0x0000000180011066, EFLAGS=0x0000000000010202

XMM[0]=0x0000000000000000 0x0000000000000000
XMM[1]=0x017e0753a3d6b848 0xe84e8b4df8468b4d
XMM[2]=0xc30000017e0753a3 0xd6b848e84e8b4df8
XMM[3]=0x0000000000000000 0x0000000000000000
XMM[4]=0x0000000000000000 0x0000000000000000
XMM[5]=0x0000000000000000 0x0000000000000000
XMM[6]=0x0000000000000000 0x0000000000000000
XMM[7]=0x0000000000000000 0x0000000000000000
XMM[8]=0x0000000000000000 0x872e6f68f1139c4c
XMM[9]=0x0000000000000000 0xea5722e5f480fa43
XMM[10]=0x0000000000000000 0x000000000a29d75e
XMM[11]=0x0000000000000000 0x2907dc3a1d88d67d
XMM[12]=0x0000000000000000 0x00000000f480fa43
XMM[13]=0x0000000000000000 0x0000000000000000
XMM[14]=0x0000000000000000 0x0000000000000000
XMM[15]=0x0000000000000000 0x0000000000000000
  MXCSR=0x00001fa0


Register to memory mapping:

RAX=0x0000000000000004 is an unknown value
RBX=0x0000017e68400090 points into unknown readable memory: 0x0000000100000002 | 02 00 00 00 01 00 00 00
RCX=0x0000017e65483008 is an unknown value
RDX=0x0000017e65483004 is an unknown value
RSP=0x000000315a8fe920 is pointing into the stack for thread: 0x0000017e1999ff90
RBP=0x00000000000000ff is an unknown value
RSI=0x0000017e6548074c points into unknown readable memory: 7e 01 00 00
RDI=0x0 is null
R8 =0x0000000000000a2e is an unknown value
R9 =0x0000017e6548074c points into unknown readable memory: 7e 01 00 00
R10=0x0000017e0753cd3c is at code_begin+1020 in an Interpreter codelet
native method entry point (kind = native)  [0x0000017e0753c940, 0x0000017e0753d398]  2648 bytes
R11=0x0000000621155028 is an oop: java.lang.Class 
{0x0000000621155028} - klass: 'java/lang/Class'
 - ---- fields (total size 25 words):
 - private volatile transient 'classRedefinedCount' 'I' @12  0 (0x00000000)
 - injected 'klass' 'J' @16  1641131026264 (0x0000017e1b082758)
 - injected 'array_klass' 'J' @24  0 (0x0000000000000000)
 - injected 'oop_size' 'I' @32  25 (0x00000019)
 - injected 'static_oop_field_count' 'I' @36  2 (0x00000002)
 - private volatile transient 'cachedConstructor' 'Ljava/lang/reflect/Constructor;' @40  null (0x00000000)
 - private transient 'name' 'Ljava/lang/String;' @44  "org.lwjgl.openal.ALC10"{0x0000000621155100} (0xc422aa20)
 - private transient 'module' 'Ljava/lang/Module;' @48  a 'java/lang/Module'{0x000000062206d0b8} (0xc440da17)
 - private final 'classLoader' 'Ljava/lang/ClassLoader;' @52  a 'jdk/internal/loader/ClassLoaders$AppClassLoader'{0x000000062206cef8} (0xc440d9df)
 - private transient 'classData' 'Ljava/lang/Object;' @56  null (0x00000000)
 - private transient 'packageName' 'Ljava/lang/String;' @60  "org.lwjgl.openal"{0x000000062112a160} (0xc422542c)
 - private final 'componentType' 'Ljava/lang/Class;' @64  null (0x00000000)
 - private volatile transient 'reflectionData' 'Ljava/lang/ref/SoftReference;' @68  null (0x00000000)
 - private volatile transient 'genericInfo' 'Lsun/reflect/generics/repository/ClassRepository;' @72  null (0x00000000)
 - private volatile transient 'enumConstants' '[Ljava/lang/Object;' @76  null (0x00000000)
 - private volatile transient 'enumConstantDirectory' 'Ljava/util/Map;' @80  null (0x00000000)
 - private volatile transient 'annotationData' 'Ljava/lang/Class$AnnotationData;' @84  null (0x00000000)
 - private volatile transient 'annotationType' 'Lsun/reflect/annotation/AnnotationType;' @88  null (0x00000000)
 - transient 'classValueMap' 'Ljava/lang/ClassValue$ClassValueMap;' @92  null (0x00000000)
 - injected 'protection_domain' 'Ljava/lang/Object;' @96  a 'java/security/ProtectionDomain'{0x0000000621fc6360} (0xc43f8c6c)
 - injected 'signers_name' 'Ljava/lang/Object;' @100  null (0x00000000)
 - injected 'source_file' 'Ljava/lang/Object;' @104  null (0x00000000)
 - injected '<init_lock>' 'Ljava/lang/Object;' @108  null (0x00000000)
 - signature: Lorg/lwjgl/openal/ALC10;
 - ---- static fields (2):
 - static final 'contexts' 'Ljava/util/HashMap;' @112  a 'java/util/HashMap'{0x0000000621155178} (0xc422aa2f)
 - static final 'devices' 'Ljava/util/HashMap;' @116  a 'java/util/HashMap'{0x00000006211551a8} (0xc422aa35)
 - public static final 'ALC_INVALID' 'I' @120  0 (0x00000000)
 - public static final 'ALC_FALSE' 'I' @124  0 (0x00000000)
 - public static final 'ALC_TRUE' 'I' @128  1 (0x00000001)
 - public static final 'ALC_NO_ERROR' 'I' @132  0 (0x00000000)
 - public static final 'ALC_MAJOR_VERSION' 'I' @136  4096 (0x00001000)
 - public static final 'ALC_MINOR_VERSION' 'I' @140  4097 (0x00001001)
 - public static final 'ALC_ATTRIBUTES_SIZE' 'I' @144  4098 (0x00001002)
 - public static final 'ALC_ALL_ATTRIBUTES' 'I' @148  4099 (0x00001003)
 - public static final 'ALC_DEFAULT_DEVICE_SPECIFIER' 'I' @152  4100 (0x00001004)
 - public static final 'ALC_DEVICE_SPECIFIER' 'I' @156  4101 (0x00001005)
 - public static final 'ALC_EXTENSIONS' 'I' @160  4102 (0x00001006)
 - public static final 'ALC_FREQUENCY' 'I' @164  4103 (0x00001007)
 - public static final 'ALC_REFRESH' 'I' @168  4104 (0x00001008)
 - public static final 'ALC_SYNC' 'I' @172  4105 (0x00001009)
 - public static final 'ALC_INVALID_DEVICE' 'I' @176  40961 (0x0000a001)
 - public static final 'ALC_INVALID_CONTEXT' 'I' @180  40962 (0x0000a002)
 - public static final 'ALC_INVALID_ENUM' 'I' @184  40963 (0x0000a003)
 - public static final 'ALC_INVALID_VALUE' 'I' @188  40964 (0x0000a004)
 - public static final 'ALC_OUT_OF_MEMORY' 'I' @192  40965 (0x0000a005)
R12=0x0000000000000001 is an unknown value
R13={method} {0x0000017e5b70fce0} 'nalcCreateContext' '(JJ)J' in 'org/lwjgl/openal/ALC10'
R14=0x000000315a8feac0 is pointing into the stack for thread: 0x0000017e1999ff90
R15=0x0000017e1999ff90 is a thread

Top of Stack: (sp=0x000000315a8fe920)
0x000000315a8fe920:   0000017e5b70fcd8 0000017e1999ff90   ..p[~.......~...
0x000000315a8fe930:   0000000200000004 0000017e00000002   ............~...
0x000000315a8fe940:   0000017e198ab830 0000002800000003   0...~.......(...
0x000000315a8fe950:   000000315a8feac0 0000017e5b70fcd8   ...Z1.....p[~...
0x000000315a8fe960:   0000000000000000 0000000000000010   ................
0x000000315a8fe970:   00000000000019c4 0000017e1999ff90   ............~...
0x000000315a8fe980:   000000315a8fea88 00007fff4f64ff45   ...Z1...E.dO....
0x000000315a8fe990:   0000017e1999ff90 000000315a8feac0   ....~......Z1...
0x000000315a8fe9a0:   0000017e5b70fcd8 0000000000000000   ..p[~...........
0x000000315a8fe9b0:   0000017e6548074c 00000000000019c4   L.He~...........
0x000000315a8fe9c0:   000000315a8fea88 000000018001248f   ...Z1....$......
0x000000315a8fe9d0:   0000017e68400090 0000017e68400090   ..@h~.....@h~...
0x000000315a8fe9e0:   0000017e0000ac44 0000000000000004   D...~...........
0x000000315a8fe9f0:   0000000000000010 0000017e0753cd6b   ........k.S.~...
0x000000315a8fea00:   0000017e5b70fcd8 0000017e0753ca42   ..p[~...B.S.~...
0x000000315a8fea10:   0000017e5b70fcd8 00000000000019c4   ..p[~...........
0x000000315a8fea20:   0000000621ad3908 0000017e5b57c690   .9.!......W[~...
0x000000315a8fea30:   0000000000000000 0000017e0753c9ff   ..........S.~...
0x000000315a8fea40:   000000315a8fea40 0000017e5b70fcd8   @..Z1.....p[~...
0x000000315a8fea50:   0000000000000007 0000017e5b710db0   ..........q[~...
0x000000315a8fea60:   0000000000000000 0000000621155028   ........(P.!....
0x000000315a8fea70:   0000017e5b70fcd8 0000000000000000   ..p[~...........
0x000000315a8fea80:   000000315a8feaa8 000000315a8feb10   ...Z1......Z1...
0x000000315a8fea90:   0000017e0753893e 0000000621155028   >.S.~...(P.!....
0x000000315a8feaa0:   0000017e0753a3d6 0000017e6548074c   ..S.~...L.He~...
0x000000315a8feab0:   0000000000000000 0000017e68400090   ..........@h~...
0x000000315a8feac0:   0000000000000000 000000315a8feac8   ...........Z1...
0x000000315a8fead0:   0000017e5b70fb88 0000000000000008   ..p[~...........
0x000000315a8feae0:   0000017e5b710db0 0000000000000000   ..q[~...........
0x000000315a8feaf0:   0000000621155028 0000017e5b70fc20   (P.!.... .p[~...
0x000000315a8feb00:   000000315a8feaa8 000000315a8feb48   ...Z1...H..Z1...
0x000000315a8feb10:   000000315a8feba0 0000017e075389d2   ...Z1.....S.~...

Instructions: (pc=0x0000000180011066)
0x0000000180010f66:   b0 00 00 00 0f ba a3 fc 00 00 00 1f 44 89 9c 24
0x0000000180010f76:   b0 00 00 00 73 15 48 8b 83 f8 61 01 00 48 8b cb
0x0000000180010f86:   ff 50 20 44 8b 9c 24 b0 00 00 00 0f ba b3 fc 00
0x0000000180010f96:   00 00 1f 44 89 7b 38 44 89 6b 44 44 89 73 48 e9
0x0000000180010fa6:   56 01 00 00 83 3d 4f 94 04 00 02 0f 8c 8e fe ff
0x0000000180010fb6:   ff 4c 8d 05 a2 2c 03 00 e9 6f fe ff ff 48 3b d7
0x0000000180010fc6:   0f 84 3f 01 00 00 39 3a 0f 84 37 01 00 00 0f ba
0x0000000180010fd6:   a1 fc 00 00 00 1f 73 0a 48 8b 81 f8 61 01 00 ff
0x0000000180010fe6:   50 20 8b 43 38 0f ba b3 fc 00 00 00 1f 8b 6b 64
0x0000000180010ff6:   44 8b 63 68 89 84 24 c0 00 00 00 8b 43 6c 89 84
0x0000000180011006:   24 c8 00 00 00 4c 8b c7 39 3e 74 58 48 8b d6 48
0x0000000180011016:   8d 4e 04 81 3a 07 10 00 00 75 10 8b 01 83 8b fc
0x0000000180011026:   00 00 00 02 89 84 24 c0 00 00 00 81 3a 11 10 00
0x0000000180011036:   00 75 10 8b 6b 5c 44 8b 21 44 3b e5 44 0f 47 e5
0x0000000180011046:   41 2b ec 81 3a 03 00 02 00 75 09 8b 01 89 84 24
0x0000000180011056:   c8 00 00 00 49 83 c0 02 48 83 c1 08 4a 8d 14 86
0x0000000180011066:   39 3a 75 af 4c 8d 84 24 c0 00 00 00 48 8d 15 d7
0x0000000180011076:   2b 03 00 33 c9 e8 58 5f 00 00 b8 40 1f 00 00 4c
0x0000000180011086:   8d 84 24 c8 00 00 00 39 84 24 c0 00 00 00 48 8d
0x0000000180011096:   15 e9 2b 03 00 0f 47 84 24 c0 00 00 00 33 c9 89
0x00000001800110a6:   84 24 c0 00 00 00 e8 27 5f 00 00 8b 43 3c 44 8b
0x00000001800110b6:   84 24 c0 00 00 00 8b 4b 38 41 bb 04 00 00 00 44
0x00000001800110c6:   39 9c 24 c8 00 00 00 44 0f 42 9c 24 c8 00 00 00
0x00000001800110d6:   33 d2 44 89 9c 24 c8 00 00 00 49 0f af c0 48 f7
0x00000001800110e6:   f1 89 43 3c f6 05 43 b6 04 00 01 74 09 83 c0 03
0x00000001800110f6:   83 e0 fc 89 43 3c 44 89 43 38 44 89 5b 6c 44 89
0x0000000180011106:   63 68 89 6b 64 44 8b 9b fc 00 00 00 41 0f ba e3
0x0000000180011116:   1f 0f 82 6a 05 00 00 44 8b 6b 38 8b 6b 44 44 8b
0x0000000180011126:   63 48 41 bf 03 00 00 00 48 8d 35 5b 2b 03 00 4c
0x0000000180011136:   8d 35 80 dc 02 00 44 39 3d bd 92 04 00 0f 8c 81
0x0000000180011146:   00 00 00 4c 8d 15 88 28 03 00 4c 8d 35 f5 2a 03
0x0000000180011156:   00 41 f6 c3 02 4d 8b ca 41 8b cc 4d 0f 45 ce e8


Stack slot to memory mapping:

stack at sp + 0 slots: {method} {0x0000017e5b70fce0} 'nalcCreateContext' '(JJ)J' in 'org/lwjgl/openal/ALC10'
stack at sp + 1 slots: 0x0000017e1999ff90 is a thread
stack at sp + 2 slots: 0x0000000200000004 is an unknown value
stack at sp + 3 slots: 0x0000017e00000002 points into unknown readable memory: 00 00 00 00 00 00
stack at sp + 4 slots: 0x0000017e198ab830 points into unknown readable memory: 0x6e616c2e6176616a | 6a 61 76 61 2e 6c 61 6e
stack at sp + 5 slots: 0x0000002800000003 is an unknown value
stack at sp + 6 slots: 0x000000315a8feac0 is pointing into the stack for thread: 0x0000017e1999ff90
stack at sp + 7 slots: {method} {0x0000017e5b70fce0} 'nalcCreateContext' '(JJ)J' in 'org/lwjgl/openal/ALC10'


---------------  P R O C E S S  ---------------

Threads class SMR info:
_java_thread_list=0x0000017e5f555730, length=12, elements={
0x0000017e19814090, 0x0000017e19814d50, 0x0000017e19817160, 0x0000017e1981a370,
0x0000017e1983b580, 0x0000017e1983fff0, 0x0000017e198450a0, 0x0000017e19852160,
0x0000017e1999ebe0, 0x0000017e1999f270, 0x0000017e1999ff90, 0x0000017e1999f900
}

Java Threads: ( => current thread )
  0x0000017e19814090 JavaThread "Reference Handler"          daemon [_thread_blocked, id=6540, stack(0x0000003159d00000,0x0000003159e00000) (1024K)]
  0x0000017e19814d50 JavaThread "Finalizer"                  daemon [_thread_blocked, id=12540, stack(0x0000003159e00000,0x0000003159f00000) (1024K)]
  0x0000017e19817160 JavaThread "Signal Dispatcher"          daemon [_thread_blocked, id=3752, stack(0x0000003159f00000,0x000000315a000000) (1024K)]
  0x0000017e1981a370 JavaThread "Attach Listener"            daemon [_thread_blocked, id=2380, stack(0x000000315a000000,0x000000315a100000) (1024K)]
  0x0000017e1983b580 JavaThread "Service Thread"             daemon [_thread_blocked, id=11416, stack(0x000000315a100000,0x000000315a200000) (1024K)]
  0x0000017e1983fff0 JavaThread "Monitor Deflation Thread"   daemon [_thread_blocked, id=7548, stack(0x000000315a200000,0x000000315a300000) (1024K)]
  0x0000017e198450a0 JavaThread "C2 CompilerThread0"         daemon [_thread_blocked, id=18448, stack(0x000000315a300000,0x000000315a400000) (1024K)]
  0x0000017e19852160 JavaThread "C1 CompilerThread0"         daemon [_thread_blocked, id=11256, stack(0x000000315a400000,0x000000315a500000) (1024K)]
  0x0000017e1999ebe0 JavaThread "Notification Thread"        daemon [_thread_blocked, id=12828, stack(0x000000315a500000,0x000000315a600000) (1024K)]
  0x0000017e1999f270 JavaThread "Common-Cleaner"             daemon [_thread_blocked, id=10068, stack(0x000000315a600000,0x000000315a700000) (1024K)]
=>0x0000017e1999ff90 JavaThread "jME3 Main"                         [_thread_in_native, id=15116, stack(0x000000315a800000,0x000000315a900000) (1024K)]
  0x0000017e1999f900 JavaThread "DestroyJavaVM"                     [_thread_blocked, id=10704, stack(0x0000003159500000,0x0000003159600000) (1024K)]
Total: 12

Other Threads:
  0x0000017e19153d30 VMThread "VM Thread"                           [id=15172, stack(0x0000003159c00000,0x0000003159d00000) (1024K)]
  0x0000017e19142440 WatcherThread "VM Periodic Task Thread"        [id=19068, stack(0x0000003159b00000,0x0000003159c00000) (1024K)]
  0x0000017e74fdf7e0 WorkerThread "GC Thread#0"                     [id=18480, stack(0x0000003159600000,0x0000003159700000) (1024K)]
  0x0000017e74ff0850 ConcurrentGCThread "G1 Main Marker"            [id=16160, stack(0x0000003159700000,0x0000003159800000) (1024K)]
  0x0000017e74ff1b00 WorkerThread "G1 Conc#0"                       [id=8868, stack(0x0000003159800000,0x0000003159900000) (1024K)]
  0x0000017e190041e0 ConcurrentGCThread "G1 Refine#0"               [id=8276, stack(0x0000003159900000,0x0000003159a00000) (1024K)]
  0x0000017e19004c70 ConcurrentGCThread "G1 Service"                [id=9960, stack(0x0000003159a00000,0x0000003159b00000) (1024K)]
Total: 7

Threads with active compile tasks:
Total: 0

VM state: not at safepoint (normal execution)

VM Mutex/Monitor currently owned by a thread: None

Heap address: 0x0000000602400000, size: 8156 MB, Compressed Oops mode: Zero based, Oop shift amount: 3

CDS archive(s) mapped at: [0x0000017e1a000000-0x0000017e1ac80000-0x0000017e1ac80000), size 13107200, SharedBaseAddress: 0x0000017e1a000000, ArchiveRelocationMode: 1.
Compressed class space mapped at: 0x0000017e1b000000-0x0000017e5b000000, reserved size: 1073741824
Narrow klass base: 0x0000017e1a000000, Narrow klass shift: 0, Narrow klass range: 0x100000000

GC Precious Log:
 CardTable entry size: 512
 Card Set container configuration: InlinePtr #cards 4 size 8 Array Of Cards #cards 32 size 80 Howl #buckets 8 coarsen threshold 7372 Howl Bitmap #cards 1024 size 144 coarsen threshold 921 Card regions per heap region 1 cards per card region 8192
 CPUs: 12 total, 12 available
 Memory: 32621M
 Large Page Support: Disabled
 NUMA Support: Disabled
 Compressed Oops: Enabled (Zero based)
 Heap Region Size: 4M
 Heap Min Capacity: 8M
 Heap Initial Capacity: 512M
 Heap Max Capacity: 8156M
 Pre-touch: Disabled
 Parallel Workers: 10
 Concurrent Workers: 3
 Concurrent Refinement Workers: 10
 Periodic GC: Disabled

Heap:
 garbage-first heap   total 524288K, used 12288K [0x0000000602400000, 0x0000000800000000)
  region size 4096K, 5 young (20480K), 0 survivors (0K)
 Metaspace       used 5893K, committed 6080K, reserved 1114112K
  class space    used 432K, committed 512K, reserved 1048576K

Heap Regions: E=young(eden), S=young(survivor), O=old, HS=humongous(starts), HC=humongous(continues), CS=collection set, F=free, TAMS=top-at-mark-start, PB=parsable bottom
|   0|0x0000000602400000, 0x0000000602400000, 0x0000000602800000|  0%| F|  |TAMS 0x0000000602400000| PB 0x0000000602400000| Untracked 
|   1|0x0000000602800000, 0x0000000602800000, 0x0000000602c00000|  0%| F|  |TAMS 0x0000000602800000| PB 0x0000000602800000| Untracked 
|   2|0x0000000602c00000, 0x0000000602c00000, 0x0000000603000000|  0%| F|  |TAMS 0x0000000602c00000| PB 0x0000000602c00000| Untracked 
|   3|0x0000000603000000, 0x0000000603000000, 0x0000000603400000|  0%| F|  |TAMS 0x0000000603000000| PB 0x0000000603000000| Untracked 
|   4|0x0000000603400000, 0x0000000603400000, 0x0000000603800000|  0%| F|  |TAMS 0x0000000603400000| PB 0x0000000603400000| Untracked 
|   5|0x0000000603800000, 0x0000000603800000, 0x0000000603c00000|  0%| F|  |TAMS 0x0000000603800000| PB 0x0000000603800000| Untracked 
|   6|0x0000000603c00000, 0x0000000603c00000, 0x0000000604000000|  0%| F|  |TAMS 0x0000000603c00000| PB 0x0000000603c00000| Untracked 
|   7|0x0000000604000000, 0x0000000604000000, 0x0000000604400000|  0%| F|  |TAMS 0x0000000604000000| PB 0x0000000604000000| Untracked 
|   8|0x0000000604400000, 0x0000000604400000, 0x0000000604800000|  0%| F|  |TAMS 0x0000000604400000| PB 0x0000000604400000| Untracked 
|   9|0x0000000604800000, 0x0000000604800000, 0x0000000604c00000|  0%| F|  |TAMS 0x0000000604800000| PB 0x0000000604800000| Untracked 
|  10|0x0000000604c00000, 0x0000000604c00000, 0x0000000605000000|  0%| F|  |TAMS 0x0000000604c00000| PB 0x0000000604c00000| Untracked 
|  11|0x0000000605000000, 0x0000000605000000, 0x0000000605400000|  0%| F|  |TAMS 0x0000000605000000| PB 0x0000000605000000| Untracked 
|  12|0x0000000605400000, 0x0000000605400000, 0x0000000605800000|  0%| F|  |TAMS 0x0000000605400000| PB 0x0000000605400000| Untracked 
|  13|0x0000000605800000, 0x0000000605800000, 0x0000000605c00000|  0%| F|  |TAMS 0x0000000605800000| PB 0x0000000605800000| Untracked 
|  14|0x0000000605c00000, 0x0000000605c00000, 0x0000000606000000|  0%| F|  |TAMS 0x0000000605c00000| PB 0x0000000605c00000| Untracked 
|  15|0x0000000606000000, 0x0000000606000000, 0x0000000606400000|  0%| F|  |TAMS 0x0000000606000000| PB 0x0000000606000000| Untracked 
|  16|0x0000000606400000, 0x0000000606400000, 0x0000000606800000|  0%| F|  |TAMS 0x0000000606400000| PB 0x0000000606400000| Untracked 
|  17|0x0000000606800000, 0x0000000606800000, 0x0000000606c00000|  0%| F|  |TAMS 0x0000000606800000| PB 0x0000000606800000| Untracked 
|  18|0x0000000606c00000, 0x0000000606c00000, 0x0000000607000000|  0%| F|  |TAMS 0x0000000606c00000| PB 0x0000000606c00000| Untracked 
|  19|0x0000000607000000, 0x0000000607000000, 0x0000000607400000|  0%| F|  |TAMS 0x0000000607000000| PB 0x0000000607000000| Untracked 
|  20|0x0000000607400000, 0x0000000607400000, 0x0000000607800000|  0%| F|  |TAMS 0x0000000607400000| PB 0x0000000607400000| Untracked 
|  21|0x0000000607800000, 0x0000000607800000, 0x0000000607c00000|  0%| F|  |TAMS 0x0000000607800000| PB 0x0000000607800000| Untracked 
|  22|0x0000000607c00000, 0x0000000607c00000, 0x0000000608000000|  0%| F|  |TAMS 0x0000000607c00000| PB 0x0000000607c00000| Untracked 
|  23|0x0000000608000000, 0x0000000608000000, 0x0000000608400000|  0%| F|  |TAMS 0x0000000608000000| PB 0x0000000608000000| Untracked 
|  24|0x0000000608400000, 0x0000000608400000, 0x0000000608800000|  0%| F|  |TAMS 0x0000000608400000| PB 0x0000000608400000| Untracked 
|  25|0x0000000608800000, 0x0000000608800000, 0x0000000608c00000|  0%| F|  |TAMS 0x0000000608800000| PB 0x0000000608800000| Untracked 
|  26|0x0000000608c00000, 0x0000000608c00000, 0x0000000609000000|  0%| F|  |TAMS 0x0000000608c00000| PB 0x0000000608c00000| Untracked 
|  27|0x0000000609000000, 0x0000000609000000, 0x0000000609400000|  0%| F|  |TAMS 0x0000000609000000| PB 0x0000000609000000| Untracked 
|  28|0x0000000609400000, 0x0000000609400000, 0x0000000609800000|  0%| F|  |TAMS 0x0000000609400000| PB 0x0000000609400000| Untracked 
|  29|0x0000000609800000, 0x0000000609800000, 0x0000000609c00000|  0%| F|  |TAMS 0x0000000609800000| PB 0x0000000609800000| Untracked 
|  30|0x0000000609c00000, 0x0000000609c00000, 0x000000060a000000|  0%| F|  |TAMS 0x0000000609c00000| PB 0x0000000609c00000| Untracked 
|  31|0x000000060a000000, 0x000000060a000000, 0x000000060a400000|  0%| F|  |TAMS 0x000000060a000000| PB 0x000000060a000000| Untracked 
|  32|0x000000060a400000, 0x000000060a400000, 0x000000060a800000|  0%| F|  |TAMS 0x000000060a400000| PB 0x000000060a400000| Untracked 
|  33|0x000000060a800000, 0x000000060a800000, 0x000000060ac00000|  0%| F|  |TAMS 0x000000060a800000| PB 0x000000060a800000| Untracked 
|  34|0x000000060ac00000, 0x000000060ac00000, 0x000000060b000000|  0%| F|  |TAMS 0x000000060ac00000| PB 0x000000060ac00000| Untracked 
|  35|0x000000060b000000, 0x000000060b000000, 0x000000060b400000|  0%| F|  |TAMS 0x000000060b000000| PB 0x000000060b000000| Untracked 
|  36|0x000000060b400000, 0x000000060b400000, 0x000000060b800000|  0%| F|  |TAMS 0x000000060b400000| PB 0x000000060b400000| Untracked 
|  37|0x000000060b800000, 0x000000060b800000, 0x000000060bc00000|  0%| F|  |TAMS 0x000000060b800000| PB 0x000000060b800000| Untracked 
|  38|0x000000060bc00000, 0x000000060bc00000, 0x000000060c000000|  0%| F|  |TAMS 0x000000060bc00000| PB 0x000000060bc00000| Untracked 
|  39|0x000000060c000000, 0x000000060c000000, 0x000000060c400000|  0%| F|  |TAMS 0x000000060c000000| PB 0x000000060c000000| Untracked 
|  40|0x000000060c400000, 0x000000060c400000, 0x000000060c800000|  0%| F|  |TAMS 0x000000060c400000| PB 0x000000060c400000| Untracked 
|  41|0x000000060c800000, 0x000000060c800000, 0x000000060cc00000|  0%| F|  |TAMS 0x000000060c800000| PB 0x000000060c800000| Untracked 
|  42|0x000000060cc00000, 0x000000060cc00000, 0x000000060d000000|  0%| F|  |TAMS 0x000000060cc00000| PB 0x000000060cc00000| Untracked 
|  43|0x000000060d000000, 0x000000060d000000, 0x000000060d400000|  0%| F|  |TAMS 0x000000060d000000| PB 0x000000060d000000| Untracked 
|  44|0x000000060d400000, 0x000000060d400000, 0x000000060d800000|  0%| F|  |TAMS 0x000000060d400000| PB 0x000000060d400000| Untracked 
|  45|0x000000060d800000, 0x000000060d800000, 0x000000060dc00000|  0%| F|  |TAMS 0x000000060d800000| PB 0x000000060d800000| Untracked 
|  46|0x000000060dc00000, 0x000000060dc00000, 0x000000060e000000|  0%| F|  |TAMS 0x000000060dc00000| PB 0x000000060dc00000| Untracked 
|  47|0x000000060e000000, 0x000000060e000000, 0x000000060e400000|  0%| F|  |TAMS 0x000000060e000000| PB 0x000000060e000000| Untracked 
|  48|0x000000060e400000, 0x000000060e400000, 0x000000060e800000|  0%| F|  |TAMS 0x000000060e400000| PB 0x000000060e400000| Untracked 
|  49|0x000000060e800000, 0x000000060e800000, 0x000000060ec00000|  0%| F|  |TAMS 0x000000060e800000| PB 0x000000060e800000| Untracked 
|  50|0x000000060ec00000, 0x000000060ec00000, 0x000000060f000000|  0%| F|  |TAMS 0x000000060ec00000| PB 0x000000060ec00000| Untracked 
|  51|0x000000060f000000, 0x000000060f000000, 0x000000060f400000|  0%| F|  |TAMS 0x000000060f000000| PB 0x000000060f000000| Untracked 
|  52|0x000000060f400000, 0x000000060f400000, 0x000000060f800000|  0%| F|  |TAMS 0x000000060f400000| PB 0x000000060f400000| Untracked 
|  53|0x000000060f800000, 0x000000060f800000, 0x000000060fc00000|  0%| F|  |TAMS 0x000000060f800000| PB 0x000000060f800000| Untracked 
|  54|0x000000060fc00000, 0x000000060fc00000, 0x0000000610000000|  0%| F|  |TAMS 0x000000060fc00000| PB 0x000000060fc00000| Untracked 
|  55|0x0000000610000000, 0x0000000610000000, 0x0000000610400000|  0%| F|  |TAMS 0x0000000610000000| PB 0x0000000610000000| Untracked 
|  56|0x0000000610400000, 0x0000000610400000, 0x0000000610800000|  0%| F|  |TAMS 0x0000000610400000| PB 0x0000000610400000| Untracked 
|  57|0x0000000610800000, 0x0000000610800000, 0x0000000610c00000|  0%| F|  |TAMS 0x0000000610800000| PB 0x0000000610800000| Untracked 
|  58|0x0000000610c00000, 0x0000000610c00000, 0x0000000611000000|  0%| F|  |TAMS 0x0000000610c00000| PB 0x0000000610c00000| Untracked 
|  59|0x0000000611000000, 0x0000000611000000, 0x0000000611400000|  0%| F|  |TAMS 0x0000000611000000| PB 0x0000000611000000| Untracked 
|  60|0x0000000611400000, 0x0000000611400000, 0x0000000611800000|  0%| F|  |TAMS 0x0000000611400000| PB 0x0000000611400000| Untracked 
|  61|0x0000000611800000, 0x0000000611800000, 0x0000000611c00000|  0%| F|  |TAMS 0x0000000611800000| PB 0x0000000611800000| Untracked 
|  62|0x0000000611c00000, 0x0000000611c00000, 0x0000000612000000|  0%| F|  |TAMS 0x0000000611c00000| PB 0x0000000611c00000| Untracked 
|  63|0x0000000612000000, 0x0000000612000000, 0x0000000612400000|  0%| F|  |TAMS 0x0000000612000000| PB 0x0000000612000000| Untracked 
|  64|0x0000000612400000, 0x0000000612400000, 0x0000000612800000|  0%| F|  |TAMS 0x0000000612400000| PB 0x0000000612400000| Untracked 
|  65|0x0000000612800000, 0x0000000612800000, 0x0000000612c00000|  0%| F|  |TAMS 0x0000000612800000| PB 0x0000000612800000| Untracked 
|  66|0x0000000612c00000, 0x0000000612c00000, 0x0000000613000000|  0%| F|  |TAMS 0x0000000612c00000| PB 0x0000000612c00000| Untracked 
|  67|0x0000000613000000, 0x0000000613000000, 0x0000000613400000|  0%| F|  |TAMS 0x0000000613000000| PB 0x0000000613000000| Untracked 
|  68|0x0000000613400000, 0x0000000613400000, 0x0000000613800000|  0%| F|  |TAMS 0x0000000613400000| PB 0x0000000613400000| Untracked 
|  69|0x0000000613800000, 0x0000000613800000, 0x0000000613c00000|  0%| F|  |TAMS 0x0000000613800000| PB 0x0000000613800000| Untracked 
|  70|0x0000000613c00000, 0x0000000613c00000, 0x0000000614000000|  0%| F|  |TAMS 0x0000000613c00000| PB 0x0000000613c00000| Untracked 
|  71|0x0000000614000000, 0x0000000614000000, 0x0000000614400000|  0%| F|  |TAMS 0x0000000614000000| PB 0x0000000614000000| Untracked 
|  72|0x0000000614400000, 0x0000000614400000, 0x0000000614800000|  0%| F|  |TAMS 0x0000000614400000| PB 0x0000000614400000| Untracked 
|  73|0x0000000614800000, 0x0000000614800000, 0x0000000614c00000|  0%| F|  |TAMS 0x0000000614800000| PB 0x0000000614800000| Untracked 
|  74|0x0000000614c00000, 0x0000000614c00000, 0x0000000615000000|  0%| F|  |TAMS 0x0000000614c00000| PB 0x0000000614c00000| Untracked 
|  75|0x0000000615000000, 0x0000000615000000, 0x0000000615400000|  0%| F|  |TAMS 0x0000000615000000| PB 0x0000000615000000| Untracked 
|  76|0x0000000615400000, 0x0000000615400000, 0x0000000615800000|  0%| F|  |TAMS 0x0000000615400000| PB 0x0000000615400000| Untracked 
|  77|0x0000000615800000, 0x0000000615800000, 0x0000000615c00000|  0%| F|  |TAMS 0x0000000615800000| PB 0x0000000615800000| Untracked 
|  78|0x0000000615c00000, 0x0000000615c00000, 0x0000000616000000|  0%| F|  |TAMS 0x0000000615c00000| PB 0x0000000615c00000| Untracked 
|  79|0x0000000616000000, 0x0000000616000000, 0x0000000616400000|  0%| F|  |TAMS 0x0000000616000000| PB 0x0000000616000000| Untracked 
|  80|0x0000000616400000, 0x0000000616400000, 0x0000000616800000|  0%| F|  |TAMS 0x0000000616400000| PB 0x0000000616400000| Untracked 
|  81|0x0000000616800000, 0x0000000616800000, 0x0000000616c00000|  0%| F|  |TAMS 0x0000000616800000| PB 0x0000000616800000| Untracked 
|  82|0x0000000616c00000, 0x0000000616c00000, 0x0000000617000000|  0%| F|  |TAMS 0x0000000616c00000| PB 0x0000000616c00000| Untracked 
|  83|0x0000000617000000, 0x0000000617000000, 0x0000000617400000|  0%| F|  |TAMS 0x0000000617000000| PB 0x0000000617000000| Untracked 
|  84|0x0000000617400000, 0x0000000617400000, 0x0000000617800000|  0%| F|  |TAMS 0x0000000617400000| PB 0x0000000617400000| Untracked 
|  85|0x0000000617800000, 0x0000000617800000, 0x0000000617c00000|  0%| F|  |TAMS 0x0000000617800000| PB 0x0000000617800000| Untracked 
|  86|0x0000000617c00000, 0x0000000617c00000, 0x0000000618000000|  0%| F|  |TAMS 0x0000000617c00000| PB 0x0000000617c00000| Untracked 
|  87|0x0000000618000000, 0x0000000618000000, 0x0000000618400000|  0%| F|  |TAMS 0x0000000618000000| PB 0x0000000618000000| Untracked 
|  88|0x0000000618400000, 0x0000000618400000, 0x0000000618800000|  0%| F|  |TAMS 0x0000000618400000| PB 0x0000000618400000| Untracked 
|  89|0x0000000618800000, 0x0000000618800000, 0x0000000618c00000|  0%| F|  |TAMS 0x0000000618800000| PB 0x0000000618800000| Untracked 
|  90|0x0000000618c00000, 0x0000000618c00000, 0x0000000619000000|  0%| F|  |TAMS 0x0000000618c00000| PB 0x0000000618c00000| Untracked 
|  91|0x0000000619000000, 0x0000000619000000, 0x0000000619400000|  0%| F|  |TAMS 0x0000000619000000| PB 0x0000000619000000| Untracked 
|  92|0x0000000619400000, 0x0000000619400000, 0x0000000619800000|  0%| F|  |TAMS 0x0000000619400000| PB 0x0000000619400000| Untracked 
|  93|0x0000000619800000, 0x0000000619800000, 0x0000000619c00000|  0%| F|  |TAMS 0x0000000619800000| PB 0x0000000619800000| Untracked 
|  94|0x0000000619c00000, 0x0000000619c00000, 0x000000061a000000|  0%| F|  |TAMS 0x0000000619c00000| PB 0x0000000619c00000| Untracked 
|  95|0x000000061a000000, 0x000000061a000000, 0x000000061a400000|  0%| F|  |TAMS 0x000000061a000000| PB 0x000000061a000000| Untracked 
|  96|0x000000061a400000, 0x000000061a400000, 0x000000061a800000|  0%| F|  |TAMS 0x000000061a400000| PB 0x000000061a400000| Untracked 
|  97|0x000000061a800000, 0x000000061a800000, 0x000000061ac00000|  0%| F|  |TAMS 0x000000061a800000| PB 0x000000061a800000| Untracked 
|  98|0x000000061ac00000, 0x000000061ac00000, 0x000000061b000000|  0%| F|  |TAMS 0x000000061ac00000| PB 0x000000061ac00000| Untracked 
|  99|0x000000061b000000, 0x000000061b000000, 0x000000061b400000|  0%| F|  |TAMS 0x000000061b000000| PB 0x000000061b000000| Untracked 
| 100|0x000000061b400000, 0x000000061b400000, 0x000000061b800000|  0%| F|  |TAMS 0x000000061b400000| PB 0x000000061b400000| Untracked 
| 101|0x000000061b800000, 0x000000061b800000, 0x000000061bc00000|  0%| F|  |TAMS 0x000000061b800000| PB 0x000000061b800000| Untracked 
| 102|0x000000061bc00000, 0x000000061bc00000, 0x000000061c000000|  0%| F|  |TAMS 0x000000061bc00000| PB 0x000000061bc00000| Untracked 
| 103|0x000000061c000000, 0x000000061c000000, 0x000000061c400000|  0%| F|  |TAMS 0x000000061c000000| PB 0x000000061c000000| Untracked 
| 104|0x000000061c400000, 0x000000061c400000, 0x000000061c800000|  0%| F|  |TAMS 0x000000061c400000| PB 0x000000061c400000| Untracked 
| 105|0x000000061c800000, 0x000000061c800000, 0x000000061cc00000|  0%| F|  |TAMS 0x000000061c800000| PB 0x000000061c800000| Untracked 
| 106|0x000000061cc00000, 0x000000061cc00000, 0x000000061d000000|  0%| F|  |TAMS 0x000000061cc00000| PB 0x000000061cc00000| Untracked 
| 107|0x000000061d000000, 0x000000061d000000, 0x000000061d400000|  0%| F|  |TAMS 0x000000061d000000| PB 0x000000061d000000| Untracked 
| 108|0x000000061d400000, 0x000000061d400000, 0x000000061d800000|  0%| F|  |TAMS 0x000000061d400000| PB 0x000000061d400000| Untracked 
| 109|0x000000061d800000, 0x000000061d800000, 0x000000061dc00000|  0%| F|  |TAMS 0x000000061d800000| PB 0x000000061d800000| Untracked 
| 110|0x000000061dc00000, 0x000000061dc00000, 0x000000061e000000|  0%| F|  |TAMS 0x000000061dc00000| PB 0x000000061dc00000| Untracked 
| 111|0x000000061e000000, 0x000000061e000000, 0x000000061e400000|  0%| F|  |TAMS 0x000000061e000000| PB 0x000000061e000000| Untracked 
| 112|0x000000061e400000, 0x000000061e400000, 0x000000061e800000|  0%| F|  |TAMS 0x000000061e400000| PB 0x000000061e400000| Untracked 
| 113|0x000000061e800000, 0x000000061e800000, 0x000000061ec00000|  0%| F|  |TAMS 0x000000061e800000| PB 0x000000061e800000| Untracked 
| 114|0x000000061ec00000, 0x000000061ec00000, 0x000000061f000000|  0%| F|  |TAMS 0x000000061ec00000| PB 0x000000061ec00000| Untracked 
| 115|0x000000061f000000, 0x000000061f000000, 0x000000061f400000|  0%| F|  |TAMS 0x000000061f000000| PB 0x000000061f000000| Untracked 
| 116|0x000000061f400000, 0x000000061f400000, 0x000000061f800000|  0%| F|  |TAMS 0x000000061f400000| PB 0x000000061f400000| Untracked 
| 117|0x000000061f800000, 0x000000061f800000, 0x000000061fc00000|  0%| F|  |TAMS 0x000000061f800000| PB 0x000000061f800000| Untracked 
| 118|0x000000061fc00000, 0x000000061fc00000, 0x0000000620000000|  0%| F|  |TAMS 0x000000061fc00000| PB 0x000000061fc00000| Untracked 
| 119|0x0000000620000000, 0x0000000620000000, 0x0000000620400000|  0%| F|  |TAMS 0x0000000620000000| PB 0x0000000620000000| Untracked 
| 120|0x0000000620400000, 0x0000000620400000, 0x0000000620800000|  0%| F|  |TAMS 0x0000000620400000| PB 0x0000000620400000| Untracked 
| 121|0x0000000620800000, 0x0000000620800000, 0x0000000620c00000|  0%| F|  |TAMS 0x0000000620800000| PB 0x0000000620800000| Untracked 
| 122|0x0000000620c00000, 0x0000000620c00000, 0x0000000621000000|  0%| F|  |TAMS 0x0000000620c00000| PB 0x0000000620c00000| Untracked 
| 123|0x0000000621000000, 0x00000006211985d0, 0x0000000621400000| 39%| E|  |TAMS 0x0000000621000000| PB 0x0000000621000000| Complete 
| 124|0x0000000621400000, 0x0000000621800000, 0x0000000621800000|100%| E|CS|TAMS 0x0000000621400000| PB 0x0000000621400000| Complete 
| 125|0x0000000621800000, 0x0000000621c00000, 0x0000000621c00000|100%| E|CS|TAMS 0x0000000621800000| PB 0x0000000621800000| Complete 
| 126|0x0000000621c00000, 0x0000000622000000, 0x0000000622000000|100%| E|CS|TAMS 0x0000000621c00000| PB 0x0000000621c00000| Complete 
| 127|0x0000000622000000, 0x0000000622400000, 0x0000000622400000|100%| E|  |TAMS 0x0000000622000000| PB 0x0000000622000000| Complete 

Card table byte_map: [0x0000017e7eba0000,0x0000017e7fb90000] _byte_map_base: 0x0000017e7bb8e000

Marking Bits: (CMBitMap*) 0x0000017e74fdfef0
 Bits: [0x0000017e0f000000, 0x0000017e16f70000)

Polling page: 0x0000017e72bd0000

Metaspace:

Usage:
  Non-class:      5.33 MB used.
      Class:    432.56 KB used.
       Both:      5.76 MB used.

Virtual space:
  Non-class space:       64.00 MB reserved,       5.44 MB (  8%) committed,  1 nodes.
      Class space:        1.00 GB reserved,     512.00 KB ( <1%) committed,  1 nodes.
             Both:        1.06 GB reserved,       5.94 MB ( <1%) committed. 

Chunk freelists:
   Non-Class:  8.92 MB
       Class:  15.48 MB
        Both:  24.41 MB

MaxMetaspaceSize: unlimited
CompressedClassSpaceSize: 1.00 GB
Initial GC threshold: 21.00 MB
Current GC threshold: 21.00 MB
CDS: on
 - commit_granule_bytes: 65536.
 - commit_granule_words: 8192.
 - virtual_space_node_default_size: 8388608.
 - enlarge_chunks_in_place: 1.
 - use_allocation_guard: 0.


Internal statistics:

num_allocs_failed_limit: 0.
num_arena_births: 48.
num_arena_deaths: 0.
num_vsnodes_births: 2.
num_vsnodes_deaths: 0.
num_space_committed: 93.
num_space_uncommitted: 0.
num_chunks_returned_to_freelist: 0.
num_chunks_taken_from_freelist: 171.
num_chunk_merges: 0.
num_chunk_splits: 130.
num_chunks_enlarged: 108.
num_inconsistent_stats: 0.

CodeHeap 'non-profiled nmethods': size=120000Kb used=336Kb max_used=336Kb free=119663Kb
 bounds [0x0000017e07ad0000, 0x0000017e07d40000, 0x0000017e0f000000]
CodeHeap 'profiled nmethods': size=120000Kb used=1827Kb max_used=1827Kb free=118172Kb
 bounds [0x0000017e00000000, 0x0000017e00270000, 0x0000017e07530000]
CodeHeap 'non-nmethods': size=5760Kb used=1420Kb max_used=1434Kb free=4339Kb
 bounds [0x0000017e07530000, 0x0000017e077a0000, 0x0000017e07ad0000]
CodeCache: size=245760Kb, used=3583Kb, max_used=3597Kb, free=242174Kb
 total_blobs=1622, nmethods=1039, adapters=488, full_count=0
Compilation: enabled, stopped_count=0, restarted_count=0

Compilation events (20 events):
Event: 0.597 Thread 0x0000017e19852160 1028       3       java.security.AccessController::doPrivileged (9 bytes)
Event: 0.597 Thread 0x0000017e19852160 nmethod 1028 0x0000017e001c3590 code [0x0000017e001c3760, 0x0000017e001c3a98]
Event: 0.598 Thread 0x0000017e198450a0 nmethod 1024 0x0000017e07b21910 code [0x0000017e07b21b00, 0x0000017e07b21fe0]
Event: 0.599 Thread 0x0000017e19852160 1029   !   3       jdk.internal.loader.URLClassPath$JarLoader::checkResource (73 bytes)
Event: 0.599 Thread 0x0000017e19852160 nmethod 1029 0x0000017e001c3c10 code [0x0000017e001c3e60, 0x0000017e001c4788]
Event: 0.601 Thread 0x0000017e19852160 1030       3       java.lang.ClassLoader::definePackage (85 bytes)
Event: 0.601 Thread 0x0000017e19852160 nmethod 1030 0x0000017e001c4b90 code [0x0000017e001c4e60, 0x0000017e001c5d18]
Event: 0.601 Thread 0x0000017e19852160 1031       3       java.lang.Package::isSealed (26 bytes)
Event: 0.601 Thread 0x0000017e19852160 nmethod 1031 0x0000017e001c6210 code [0x0000017e001c63c0, 0x0000017e001c66b8]
Event: 0.601 Thread 0x0000017e19852160 1032       3       java.lang.ClassLoader::compareCerts (197 bytes)
Event: 0.601 Thread 0x0000017e19852160 nmethod 1032 0x0000017e001c6790 code [0x0000017e001c69c0, 0x0000017e001c7208]
Event: 0.604 Thread 0x0000017e198450a0 1033       4       java.io.WinNTFileSystem::normalize (143 bytes)
Event: 0.606 Thread 0x0000017e198450a0 nmethod 1033 0x0000017e07b22390 code [0x0000017e07b22560, 0x0000017e07b22820]
Event: 0.607 Thread 0x0000017e198450a0 1034       4       java.lang.AbstractStringBuilder::append (45 bytes)
Event: 0.610 Thread 0x0000017e19852160 1037       3       jdk.internal.org.objectweb.asm.ByteVector::put12 (64 bytes)
Event: 0.610 Thread 0x0000017e19852160 nmethod 1037 0x0000017e001c7510 code [0x0000017e001c76c0, 0x0000017e001c78f0]
Event: 0.610 Thread 0x0000017e198450a0 nmethod 1034 0x0000017e07b22e90 code [0x0000017e07b23080, 0x0000017e07b238e8]
Event: 0.611 Thread 0x0000017e198450a0 1036       4       sun.net.www.ParseUtil::firstEncodeIndex (86 bytes)
Event: 0.612 Thread 0x0000017e198450a0 nmethod 1036 0x0000017e07b23c90 code [0x0000017e07b23e40, 0x0000017e07b24088]
Event: 0.616 Thread 0x0000017e19852160 1038       3       java.util.zip.ZipFile$ZipFileInputStream::initDataOffset (117 bytes)

GC Heap History (0 events):
No events

Dll operation events (9 events):
Event: 0.003 Loaded shared library C:\Program Files\jMonkeyEngine SDK\jdk\bin\java.dll
Event: 0.021 Loaded shared library C:\Program Files\jMonkeyEngine SDK\jdk\bin\jsvml.dll
Event: 0.037 Loaded shared library C:\Program Files\jMonkeyEngine SDK\jdk\bin\net.dll
Event: 0.037 Loaded shared library C:\Program Files\jMonkeyEngine SDK\jdk\bin\nio.dll
Event: 0.039 Loaded shared library C:\Program Files\jMonkeyEngine SDK\jdk\bin\zip.dll
Event: 0.063 Loaded shared library C:\Program Files\jMonkeyEngine SDK\jdk\bin\jimage.dll
Event: 0.154 Loaded shared library C:\Users\User\Documents\Exorcist\OpenAL64.dll
Event: 0.161 Loaded shared library C:\Users\User\Documents\Exorcist\lwjgl64.dll
Event: 0.593 Loaded shared library C:\Program Files\jMonkeyEngine SDK\jdk\bin\awt.dll

Deoptimization events (20 events):
Event: 0.574 Thread 0x0000017e1999ff90 Uncommon trap: trap_request=0xffffffde fr.pc=0x0000017e07b1c404 relative=0x00000000000006c4
Event: 0.574 Thread 0x0000017e1999ff90 Uncommon trap: reason=class_check action=maybe_recompile pc=0x0000017e07b1c404 method=java.util.regex.Matcher.search(I)Z @ 121 c2
Event: 0.574 Thread 0x0000017e1999ff90 DEOPT PACKING pc=0x0000017e07b1c404 sp=0x000000315a8fea00
Event: 0.574 Thread 0x0000017e1999ff90 DEOPT UNPACKING pc=0x0000017e07584422 sp=0x000000315a8fe9c0 mode 2
Event: 0.574 Thread 0x0000017e1999ff90 Uncommon trap: trap_request=0xffffffde fr.pc=0x0000017e07b1c404 relative=0x00000000000006c4
Event: 0.574 Thread 0x0000017e1999ff90 Uncommon trap: reason=class_check action=maybe_recompile pc=0x0000017e07b1c404 method=java.util.regex.Matcher.search(I)Z @ 121 c2
Event: 0.574 Thread 0x0000017e1999ff90 DEOPT PACKING pc=0x0000017e07b1c404 sp=0x000000315a8fea00
Event: 0.574 Thread 0x0000017e1999ff90 DEOPT UNPACKING pc=0x0000017e07584422 sp=0x000000315a8fe9c0 mode 2
Event: 0.574 Thread 0x0000017e1999ff90 Uncommon trap: trap_request=0xffffffbe fr.pc=0x0000017e07b1c42c relative=0x00000000000006ec
Event: 0.574 Thread 0x0000017e1999ff90 Uncommon trap: reason=profile_predicate action=maybe_recompile pc=0x0000017e07b1c42c method=java.util.regex.Pattern$Start.match(Ljava/util/regex/Matcher;ILjava/lang/CharSequence;)Z @ 34 c2
Event: 0.574 Thread 0x0000017e1999ff90 DEOPT PACKING pc=0x0000017e07b1c42c sp=0x000000315a8fe970
Event: 0.574 Thread 0x0000017e1999ff90 DEOPT UNPACKING pc=0x0000017e07584422 sp=0x000000315a8fe8c0 mode 2
Event: 0.575 Thread 0x0000017e1999ff90 Uncommon trap: trap_request=0xffffffde fr.pc=0x0000017e07b1c404 relative=0x00000000000006c4
Event: 0.575 Thread 0x0000017e1999ff90 Uncommon trap: reason=class_check action=maybe_recompile pc=0x0000017e07b1c404 method=java.util.regex.Matcher.search(I)Z @ 121 c2
Event: 0.575 Thread 0x0000017e1999ff90 DEOPT PACKING pc=0x0000017e07b1c404 sp=0x000000315a8fea00
Event: 0.575 Thread 0x0000017e1999ff90 DEOPT UNPACKING pc=0x0000017e07584422 sp=0x000000315a8fe9c0 mode 2
Event: 0.575 Thread 0x0000017e1999ff90 Uncommon trap: trap_request=0xffffffde fr.pc=0x0000017e07b1c404 relative=0x00000000000006c4
Event: 0.575 Thread 0x0000017e1999ff90 Uncommon trap: reason=class_check action=maybe_recompile pc=0x0000017e07b1c404 method=java.util.regex.Matcher.search(I)Z @ 121 c2
Event: 0.575 Thread 0x0000017e1999ff90 DEOPT PACKING pc=0x0000017e07b1c404 sp=0x000000315a8fea00
Event: 0.575 Thread 0x0000017e1999ff90 DEOPT UNPACKING pc=0x0000017e07584422 sp=0x000000315a8fe9c0 mode 2

Classes loaded (20 events):
Event: 0.594 Loading class java/awt/color/ICC_ProfileRGB
Event: 0.594 Loading class java/awt/color/ICC_ProfileRGB done
Event: 0.594 Loading class sun/java2d/cmm/ProfileDeferralInfo
Event: 0.594 Loading class sun/java2d/cmm/ProfileDeferralInfo done
Event: 0.594 Loading class java/awt/color/ICC_ProfileGray
Event: 0.594 Loading class java/awt/color/ICC_ProfileGray done
Event: 0.594 Loading class java/awt/image/DataBuffer
Event: 0.594 Loading class java/awt/image/DataBuffer done
Event: 0.594 Loading class java/awt/image/DataBuffer$1
Event: 0.594 Loading class sun/awt/image/SunWritableRaster$DataStealer
Event: 0.594 Loading class sun/awt/image/SunWritableRaster$DataStealer done
Event: 0.594 Loading class java/awt/image/DataBuffer$1 done
Event: 0.594 Loading class sun/awt/image/SunWritableRaster
Event: 0.594 Loading class java/awt/image/WritableRaster
Event: 0.594 Loading class java/awt/image/Raster
Event: 0.595 Loading class java/awt/image/Raster done
Event: 0.595 Loading class java/awt/image/WritableRaster done
Event: 0.595 Loading class sun/awt/image/SunWritableRaster done
Event: 0.610 Loading class java/lang/ClassFormatError
Event: 0.610 Loading class java/lang/ClassFormatError done

Classes unloaded (0 events):
No events

Classes redefined (0 events):
No events

Internal exceptions (5 events):
Event: 0.098 Thread 0x0000017e74f33d80 Exception <a 'java/lang/NoSuchMethodError'{0x0000000621de9168}: 'void java.lang.invoke.DirectMethodHandle$Holder.invokeSpecial(java.lang.Object, java.lang.Object, java.lang.Object)'> (0x0000000621de9168) 
thrown [s\src\hotspot\share\interpreter\linkResolver.cpp, line 773]
Event: 0.116 Thread 0x0000017e74f33d80 Exception <a 'java/lang/ClassNotFoundException'{0x0000000621eb8e00}: sun/util/logging/resources/spi/loggingProvider> (0x0000000621eb8e00) 
thrown [s\src\hotspot\share\classfile\systemDictionary.cpp, line 313]
Event: 0.517 Thread 0x0000017e1999ff90 Exception <a 'java/lang/NoSuchMethodError'{0x0000000621469ce0}: 'int java.lang.invoke.Invokers$Holder.invokeExact_MT(java.lang.Object, java.lang.Object)'> (0x0000000621469ce0) 
thrown [s\src\hotspot\share\interpreter\linkResolver.cpp, line 773]
Event: 0.546 Thread 0x0000017e1999ff90 Exception <a 'java/lang/NoSuchMethodError'{0x000000062155fa80}: 'java.lang.Object java.lang.invoke.DirectMethodHandle$Holder.invokeInterface(java.lang.Object, java.lang.Object)'> (0x000000062155fa80) 
thrown [s\src\hotspot\share\interpreter\linkResolver.cpp, line 773]
Event: 0.546 Thread 0x0000017e1999ff90 Exception <a 'java/lang/IncompatibleClassChangeError'{0x0000000621563058}: Found class java.lang.Object, but interface was expected> (0x0000000621563058) 
thrown [s\src\hotspot\share\interpreter\linkResolver.cpp, line 840]

ZGC Phase Switch (0 events):
No events

VM Operations (12 events):
Event: 0.043 Executing non-safepoint VM operation: HandshakeAllThreads (Deoptimize)
Event: 0.043 Executing non-safepoint VM operation: HandshakeAllThreads (Deoptimize) done
Event: 0.130 Executing non-safepoint VM operation: HandshakeAllThreads (Deoptimize)
Event: 0.130 Executing non-safepoint VM operation: HandshakeAllThreads (Deoptimize) done
Event: 0.152 Executing non-safepoint VM operation: HandshakeAllThreads (Deoptimize)
Event: 0.152 Executing non-safepoint VM operation: HandshakeAllThreads (Deoptimize) done
Event: 0.512 Executing non-safepoint VM operation: HandshakeAllThreads (Deoptimize)
Event: 0.512 Executing non-safepoint VM operation: HandshakeAllThreads (Deoptimize) done
Event: 0.516 Executing non-safepoint VM operation: HandshakeAllThreads (Deoptimize)
Event: 0.516 Executing non-safepoint VM operation: HandshakeAllThreads (Deoptimize) done
Event: 0.595 Executing safepoint VM operation: ICBufferFull
Event: 0.595 Executing safepoint VM operation: ICBufferFull done

Memory protections (0 events):
No events

Nmethod flushes (0 events):
No events

Events (16 events):
Event: 0.012 Thread 0x0000017e74f33d80 Thread added: 0x0000017e74f33d80
Event: 0.020 Thread 0x0000017e74f33d80 Thread added: 0x0000017e19814090
Event: 0.020 Thread 0x0000017e74f33d80 Thread added: 0x0000017e19814d50
Event: 0.020 Thread 0x0000017e74f33d80 Thread added: 0x0000017e19817160
Event: 0.020 Thread 0x0000017e74f33d80 Thread added: 0x0000017e1981a370
Event: 0.020 Thread 0x0000017e74f33d80 Thread added: 0x0000017e1983b580
Event: 0.020 Thread 0x0000017e74f33d80 Thread added: 0x0000017e1983fff0
Event: 0.020 Thread 0x0000017e74f33d80 Thread added: 0x0000017e198450a0
Event: 0.020 Thread 0x0000017e74f33d80 Thread added: 0x0000017e19852160
Event: 0.033 Thread 0x0000017e74f33d80 Thread added: 0x0000017e1999ebe0
Event: 0.034 Thread 0x0000017e74f33d80 Thread added: 0x0000017e1999f270
Event: 0.070 Thread 0x0000017e19852160 Thread added: 0x0000017e19852f00
Event: 0.135 Thread 0x0000017e74f33d80 Thread added: 0x0000017e1999ff90
Event: 0.135 Thread 0x0000017e74f33d80 Thread exited: 0x0000017e74f33d80
Event: 0.135 Thread 0x0000017e1999f900 Thread added: 0x0000017e1999f900
Event: 0.324 Thread 0x0000017e19852f00 Thread exited: 0x0000017e19852f00


Dynamic libraries:
0x00007ff781b20000 - 0x00007ff781b2e000 	C:\Program Files\jMonkeyEngine SDK\jdk\bin\java.exe
0x00007fff93770000 - 0x00007fff93968000 	C:\Windows\SYSTEM32\ntdll.dll
0x00007fff93660000 - 0x00007fff93722000 	C:\Windows\System32\KERNEL32.DLL
0x00007fff91000000 - 0x00007fff912f6000 	C:\Windows\System32\KERNELBASE.dll
0x00007fff91660000 - 0x00007fff91760000 	C:\Windows\System32\ucrtbase.dll
0x00007fff8bd10000 - 0x00007fff8bd2e000 	C:\Program Files\jMonkeyEngine SDK\jdk\bin\VCRUNTIME140.dll
0x00007fff76310000 - 0x00007fff76328000 	C:\Program Files\jMonkeyEngine SDK\jdk\bin\jli.dll
0x00007fff92310000 - 0x00007fff924b1000 	C:\Windows\System32\USER32.dll
0x00007fff91760000 - 0x00007fff91782000 	C:\Windows\System32\win32u.dll
0x00007fff76910000 - 0x00007fff76bab000 	C:\Windows\WinSxS\amd64_microsoft.windows.common-controls_6595b64144ccf1df_6.0.19041.6456_none_60b8a6cb71f64256\COMCTL32.dll
0x00007fff91880000 - 0x00007fff918ab000 	C:\Windows\System32\GDI32.dll
0x00007fff91ec0000 - 0x00007fff91f5e000 	C:\Windows\System32\msvcrt.dll
0x00007fff90e90000 - 0x00007fff90fa9000 	C:\Windows\System32\gdi32full.dll
0x00007fff915c0000 - 0x00007fff9165d000 	C:\Windows\System32\msvcp_win.dll
0x00007fff917f0000 - 0x00007fff9181f000 	C:\Windows\System32\IMM32.DLL
0x00007fff8bd40000 - 0x00007fff8bd4c000 	C:\Program Files\jMonkeyEngine SDK\jdk\bin\vcruntime140_1.dll
0x00007fff66f90000 - 0x00007fff6701d000 	C:\Program Files\jMonkeyEngine SDK\jdk\bin\msvcp140.dll
0x00007fff4f270000 - 0x00007fff50012000 	C:\Program Files\jMonkeyEngine SDK\jdk\bin\server\jvm.dll
0x00007fff91e00000 - 0x00007fff91eb1000 	C:\Windows\System32\ADVAPI32.dll
0x00007fff92b60000 - 0x00007fff92bff000 	C:\Windows\System32\sechost.dll
0x00007fff91f60000 - 0x00007fff92080000 	C:\Windows\System32\RPCRT4.dll
0x00007fff914e0000 - 0x00007fff91507000 	C:\Windows\System32\bcrypt.dll
0x00007fff92af0000 - 0x00007fff92b5b000 	C:\Windows\System32\WS2_32.dll
0x00007fff902f0000 - 0x00007fff9033b000 	C:\Windows\SYSTEM32\POWRPROF.dll
0x00007fff888d0000 - 0x00007fff888da000 	C:\Windows\SYSTEM32\VERSION.dll
0x00007fff7f3c0000 - 0x00007fff7f3e7000 	C:\Windows\SYSTEM32\WINMM.dll
0x00007fff901c0000 - 0x00007fff901d2000 	C:\Windows\SYSTEM32\UMPDC.dll
0x00007fff8ec50000 - 0x00007fff8ec62000 	C:\Windows\SYSTEM32\kernel.appcore.dll
0x00007fff8bd00000 - 0x00007fff8bd0a000 	C:\Program Files\jMonkeyEngine SDK\jdk\bin\jimage.dll
0x00007fff7ea60000 - 0x00007fff7ec61000 	C:\Windows\SYSTEM32\DBGHELP.DLL
0x00007fff72590000 - 0x00007fff725c4000 	C:\Windows\SYSTEM32\dbgcore.DLL
0x00007fff90e00000 - 0x00007fff90e82000 	C:\Windows\System32\bcryptPrimitives.dll
0x00007fff81310000 - 0x00007fff81330000 	C:\Program Files\jMonkeyEngine SDK\jdk\bin\java.dll
0x00007fff92e60000 - 0x00007fff935d0000 	C:\Windows\System32\SHELL32.dll
0x00007fff8ee50000 - 0x00007fff8f5f5000 	C:\Windows\SYSTEM32\windows.storage.dll
0x00007fff918b0000 - 0x00007fff91c04000 	C:\Windows\System32\combase.dll
0x00007fff90750000 - 0x00007fff9077b000 	C:\Windows\SYSTEM32\Wldp.dll
0x00007fff92550000 - 0x00007fff9261d000 	C:\Windows\System32\OLEAUT32.dll
0x00007fff91d50000 - 0x00007fff91dfd000 	C:\Windows\System32\SHCORE.dll
0x00007fff91820000 - 0x00007fff9187b000 	C:\Windows\System32\shlwapi.dll
0x00007fff90d30000 - 0x00007fff90d54000 	C:\Windows\SYSTEM32\profapi.dll
0x00007fff625a0000 - 0x00007fff62677000 	C:\Program Files\jMonkeyEngine SDK\jdk\bin\jsvml.dll
0x00007fff81300000 - 0x00007fff81310000 	C:\Program Files\jMonkeyEngine SDK\jdk\bin\net.dll
0x00007fff8b240000 - 0x00007fff8b34a000 	C:\Windows\SYSTEM32\WINHTTP.dll
0x00007fff90530000 - 0x00007fff9059a000 	C:\Windows\system32\mswsock.dll
0x00007fff761c0000 - 0x00007fff761d6000 	C:\Program Files\jMonkeyEngine SDK\jdk\bin\nio.dll
0x00007fff71a20000 - 0x00007fff71a38000 	C:\Program Files\jMonkeyEngine SDK\jdk\bin\zip.dll
0x0000000180000000 - 0x0000000180064000 	C:\Users\User\Documents\Exorcist\OpenAL64.dll
0x00007fff92080000 - 0x00007fff921ab000 	C:\Windows\System32\ole32.dll
0x0000017e19c90000 - 0x0000017e19ce3000 	C:\Users\User\Documents\Exorcist\lwjgl64.dll
0x00007fff71060000 - 0x00007fff71188000 	C:\Windows\SYSTEM32\OPENGL32.dll
0x00007fff77a60000 - 0x00007fff77a8c000 	C:\Windows\SYSTEM32\GLU32.dll
0x00007fff88bc0000 - 0x00007fff88c6e000 	C:\Windows\SYSTEM32\mscms.dll
0x00007fff88e80000 - 0x00007fff88e91000 	C:\Windows\SYSTEM32\ColorAdapterClient.dll
0x00007fff90cb0000 - 0x00007fff90cde000 	C:\Windows\SYSTEM32\USERENV.dll
0x00007fff92c00000 - 0x00007fff92ca9000 	C:\Windows\System32\clbcatq.dll
0x00007fff6a0e0000 - 0x00007fff6a123000 	C:\Windows\System32\Windows.Internal.Graphics.Display.DisplayColorManagement.dll
0x00007fff90fb0000 - 0x00007fff90ffe000 	C:\Windows\System32\cfgmgr32.dll
0x00007fff8e760000 - 0x00007fff8e7fe000 	C:\Windows\system32\uxtheme.dll
0x00007fff921b0000 - 0x00007fff922c5000 	C:\Windows\System32\MSCTF.dll
0x00007fff8a930000 - 0x00007fff8aa36000 	C:\Windows\System32\AppXDeploymentClient.dll
0x00007ffeee660000 - 0x00007ffef0e4e000 	C:\Windows\System32\DriverStore\FileRepository\nv_dispi.inf_amd64_0fb2df354c49e826\nvoglv64.dll
0x00007fff92680000 - 0x00007fff92af0000 	C:\Windows\System32\SETUPAPI.dll
0x00007fff8bbe0000 - 0x00007fff8bbf4000 	C:\Windows\SYSTEM32\WTSAPI32.dll
0x00007fff909c0000 - 0x00007fff909d2000 	C:\Windows\SYSTEM32\msasn1.dll
0x00007fff88890000 - 0x00007fff888c1000 	C:\Windows\SYSTEM32\cryptnet.dll
0x00007fff91380000 - 0x00007fff914dd000 	C:\Windows\System32\CRYPT32.dll
0x00007fff906c0000 - 0x00007fff906cc000 	C:\Windows\SYSTEM32\cryptbase.dll
0x00007fff87a20000 - 0x00007fff87b67000 	C:\Windows\SYSTEM32\drvstore.dll
0x00007fff90b90000 - 0x00007fff90bc3000 	C:\Windows\SYSTEM32\devobj.dll
0x00007fff91300000 - 0x00007fff91373000 	C:\Windows\System32\WINTRUST.dll
0x00007fff90050000 - 0x00007fff90083000 	C:\Windows\SYSTEM32\ntmarta.dll
0x00007fff922d0000 - 0x00007fff922ed000 	C:\Windows\System32\imagehlp.dll
0x00007fff90790000 - 0x00007fff907a8000 	C:\Windows\SYSTEM32\CRYPTSP.dll
0x00007fff8fe00000 - 0x00007fff8fe38000 	C:\Windows\system32\rsaenh.dll
0x00007fff81970000 - 0x00007fff8510b000 	C:\Windows\System32\DriverStore\FileRepository\nv_dispi.inf_amd64_0fb2df354c49e826\nvgpucomp64.dll
0x00007fff86b30000 - 0x00007fff86b6b000 	C:\Windows\SYSTEM32\dxcore.dll
0x00007fff541d0000 - 0x00007fff544d4000 	C:\Windows\system32\nvspcap64.dll
0x00007fff8ea70000 - 0x00007fff8ea9e000 	C:\Windows\SYSTEM32\dwmapi.dll
0x00007fff8fa70000 - 0x00007fff8fad3000 	C:\Windows\SYSTEM32\WINSTA.dll
0x00007fff8a0d0000 - 0x00007fff8a1c9000 	C:\Windows\SYSTEM32\textinputframework.dll
0x00007fff8e050000 - 0x00007fff8e142000 	C:\Windows\System32\CoreMessaging.dll
0x00007fff8dbf0000 - 0x00007fff8df4b000 	C:\Windows\System32\CoreUIComponents.dll
0x00007fff8d490000 - 0x00007fff8d5e7000 	C:\Windows\SYSTEM32\wintypes.dll
0x00007fff72630000 - 0x00007fff72675000 	C:\Windows\SYSTEM32\icm32.dll
0x00007fff5bdb0000 - 0x00007fff5bf3f000 	C:\Program Files\jMonkeyEngine SDK\jdk\bin\awt.dll
0x00007fff8e2c0000 - 0x00007fff8e354000 	C:\Windows\SYSTEM32\apphelp.dll
0x00007fff8ab00000 - 0x00007fff8ab85000 	C:\Windows\System32\MMDevApi.dll
0x00007fff4a4b0000 - 0x00007fff4a54c000 	C:\Windows\SYSTEM32\dsound.dll
0x00007fff6c780000 - 0x00007fff6c7a6000 	C:\Windows\SYSTEM32\winmmbase.dll
0x00007fff8ac80000 - 0x00007fff8ae01000 	C:\Windows\SYSTEM32\AUDIOSES.DLL

JVMTI agents: none

dbghelp: loaded successfully - version: 4.0.5 - missing functions: none
symbol engine: initialized successfully - sym options: 0x614 - pdb path: .;C:\Program Files\jMonkeyEngine SDK\jdk\bin;C:\Windows\SYSTEM32;C:\Windows\WinSxS\amd64_microsoft.windows.common-controls_6595b64144ccf1df_6.0.19041.6456_none_60b8a6cb71f64256;C:\Program Files\jMonkeyEngine SDK\jdk\bin\server;C:\Users\User\Documents\Exorcist;C:\Windows\System32\DriverStore\FileRepository\nv_dispi.inf_amd64_0fb2df354c49e826

VM Arguments:
jvm_args: -Dfile.encoding=UTF-8 -Duser.country=US -Duser.language=en -Duser.variant 
java_command: com.mygame.Main
java_class_path (initial): C:\Users\User\Documents\Exorcist\build\classes\java\main;C:\Users\User\Documents\Exorcist\build\resources\main;C:\Users\User\.gradle\caches\modules-2\files-2.1\org.jmonkeyengine\jme3-lwjgl\3.6.1-stable\2d75e4efe7bb4853b46345ef9d2906527f1d0834\jme3-lwjgl-3.6.1-stable.jar;C:\Users\User\.gradle\caches\modules-2\files-2.1\org.jmonkeyengine\jme3-desktop\3.6.1-stable\a09230b60616779b1f4d8bc2ebf42ddd736c276a\jme3-desktop-3.6.1-stable.jar;C:\Users\User\.gradle\caches\modules-2\files-2.1\org.jmonkeyengine\jme3-plugins\3.6.1-stable\3fdd7124715d9afc408addd0a21b49a5f73e0fb6\jme3-plugins-3.6.1-stable.jar;C:\Users\User\.gradle\caches\modules-2\files-2.1\com.github.jMonkeyEngine-Contributions\lemur\1.16.0\9667d7e59511b531c7db89662815a464e699dc36\lemur-1.16.0.jar;C:\Users\User\.gradle\caches\modules-2\files-2.1\com.github.jMonkeyEngine-Contributions.lemur\lemur-props\1.16.0\a558365777291adcfbe02d84a766618b68e3b768\lemur-props-1.16.0.jar;C:\Users\User\.gradle\caches\modules-2\files-2.1\com.github.jMonkeyEngine-Contributions.lemur\lemur-proto\1.16.0\6fed33d95c9899a9a5ce6c376bc1f1543f33221d\lemur-proto-1.16.0.jar;C:\Users\User\.gradle\caches\modules-2\files-2.1\com.github.jMonkeyEngine-Contributions.lemur\lemur\1.16.0\1cc7255caebc1708a72940d8f99c7b6ffb2aa03d\lemur-1.16.0.jar;C:\Users\User\.gradle\caches\modules-2\files-2.1\org.jmonkeyengine\jme3-core\3.6.1-stable\8ebbe54ee193cfe301b625769311e41b61d1def4\jme3-core-3.6.1-stable.jar;C:\Users\User\.gradle\caches\modules-2\files-2.1\org.codehaus.groovy\groovy-jsr223\3.0.19\377bb341e991c48a1c9db0408f7b69c0709664fc\groovy-jsr223-3.0.19.jar;C:\Users\User\.gradle\caches\modules-2\files-2.1\org.codehaus.groovy\groovy\3.0.19\92b51fe5bf7e9534d74f77daf5cf05d0f15c7ea5\groovy-3.0.19.jar;C:\Users\User\.gradle\caches\modules-2\files-2.1\org.json\json\20230227\7a0d4aca76513d8ce81f9b044ce8126b84809ad8\json-20230227.jar;C:\Users\User\.gradle\caches\modules-2\files-2.1\com.google.code.gson\gson\2.9.1\2cc2131b98ebfb04e2b2c7dfb84431f4045096b\gson-2.9.1.jar;C:\Users\User\.gradle\caches\modules-2\files-2.1\org.jmonkeyengine\lwjgl\2.9.5\e9336e9c89dcd951e926348350dda38e537eaddc\lwjgl-2.9.5.jar;C:\Users\User\.gradle\caches\modules-2\files-2.1\net.java.jinput\jinput\2.0.9\5c05470d6ede64e77b1f24a052ea2650aecf4036\jinput-2.0.9.jar;C:\Users\User\.gradle\caches\modules-2\files-2.1\net.java.jinput\jinput\2.0.9\e8fdb885382ae421744a53b30f50b4afa5c83166\jinput-2.0.9-natives-all.jar;C:\Users\User\.gradle\caches\modules-2\files-2.1\org.jmonkeyengine\lwjgl-platform\2.9.5\412527b9dc3d1e7f9330742decd04f0e65c48fd9\lwjgl-platform-2.9.5-natives-windows.jar;C:\Users\User\.gradle\caches\modules-2\files-2.1\org.jmonkeyengine\lwjgl-platform\2.9.5\e6beda4e352592b62d418496a4ff490e6fa82fcf\lwjgl-platform-2.9.5-natives-linux.jar;C:\Users\User\.gradle\caches\modules-2\files-2.1\org.jmonkeyengine\lwjgl-platform\2.9.5\76b774cc6559412294cccda57140fd250d6b9311\lwjgl-platform-2.9.5-natives-osx.jar;C:\Users\User\.gradle\caches\modules-2\files-2.1\com.google.guava\guava\19.0\6ce200f6b23222af3d8abb6b6459e6c44f4bb0e9\guava-19.0.jar;C:\Users\User\.gradle\caches\modules-2\files-2.1\org.slf4j\slf4j-api\1.7.32\cdcff33940d9f2de763bc41ea05a0be5941176c3\slf4j-api-1.7.32.jar
Launcher Type: SUN_STANDARD

[Global flags]
     intx CICompilerCount                          = 4                                         {product} {ergonomic}
     uint ConcGCThreads                            = 3                                         {product} {ergonomic}
     uint G1ConcRefinementThreads                  = 10                                        {product} {ergonomic}
   size_t G1HeapRegionSize                         = 4194304                                   {product} {ergonomic}
    uintx GCDrainStackTargetSize                   = 64                                        {product} {ergonomic}
   size_t InitialHeapSize                          = 536870912                                 {product} {ergonomic}
   size_t MarkStackSize                            = 4194304                                   {product} {ergonomic}
   size_t MaxHeapSize                              = 8552185856                                {product} {ergonomic}
   size_t MaxNewSize                               = 5129633792                                {product} {ergonomic}
   size_t MinHeapDeltaBytes                        = 4194304                                   {product} {ergonomic}
   size_t MinHeapSize                              = 8388608                                   {product} {ergonomic}
    uintx NonNMethodCodeHeapSize                   = 5839372                                {pd product} {ergonomic}
    uintx NonProfiledCodeHeapSize                  = 122909434                              {pd product} {ergonomic}
    uintx ProfiledCodeHeapSize                     = 122909434                              {pd product} {ergonomic}
    uintx ReservedCodeCacheSize                    = 251658240                              {pd product} {ergonomic}
     bool SegmentedCodeCache                       = true                                      {product} {ergonomic}
   size_t SoftMaxHeapSize                          = 8552185856                             {manageable} {ergonomic}
     bool UseCompressedOops                        = true                           {product lp64_product} {ergonomic}
     bool UseG1GC                                  = true                                      {product} {ergonomic}
     bool UseLargePagesIndividualAllocation        = false                                  {pd product} {ergonomic}

Logging:
Log output configuration:
 #0: stdout all=warning uptime,level,tags foldmultilines=false
 #1: stderr all=off uptime,level,tags foldmultilines=false

Release file:
IMPLEMENTOR="Eclipse Adoptium" 
IMPLEMENTOR_VERSION="Temurin-21.0.11+10" 
JAVA_RUNTIME_VERSION="21.0.11+10-LTS" 
JAVA_VERSION="21.0.11" 
JAVA_VERSION_DATE="2026-04-21" 
LIBC="default" 
MODULES="java.base java.compiler java.datatransfer java.xml java.prefs java.desktop java.instrument java.logging java.management java.security.sasl java.naming java.rmi java.management.rmi java.net.http java.scripting java.security.jgss java.transaction.xa java.sql java.sql.rowset java.xml.crypto java.se java.smartcardio jdk.accessibility jdk.internal.jvmstat jdk.attach jdk.charsets jdk.internal.opt jdk.zipfs jdk.compiler jdk.crypto.ec jdk.crypto.cryptoki jdk.crypto.mscapi jdk.dynalink jdk.internal.ed jdk.editpad jdk.hotspot.agent jdk.httpserver jdk.incubator.vector jdk.internal.le jdk.internal.vm.ci jdk.internal.vm.compiler jdk.internal.vm.compiler.management jdk.jartool jdk.javadoc jdk.jcmd jdk.management jdk.management.agent jdk.jconsole jdk.jdeps jdk.jdwp.agent jdk.jdi jdk.jfr jdk.jlink jdk.jpackage jdk.jshell jdk.jsobject jdk.jstatd jdk.localedata jdk.management.jfr jdk.naming.dns jdk.naming.rmi jdk.net jdk.nio.mapmode jdk.random jdk.sctp jdk.security.auth jdk.security.jgss jdk.unsupported jdk.unsupported.desktop jdk.xml.dom" 
OS_ARCH="x86_64" 
OS_NAME="Windows" 
SOURCE=".:git:254494ad7d75" 
BUILD_SOURCE="git:a612825ee82a20ac872d60958c349854c1f29a8e"
BUILD_SOURCE_REPO="https://github.com/adoptium/temurin-build.git"
SOURCE_REPO="https://github.com/adoptium/jdk21u.git"
FULL_VERSION="21.0.11+10-LTS"
SEMANTIC_VERSION="21.0.11+10"
BUILD_INFO="OS: Windows Server 2022 Version: 10.0"
JVM_VARIANT="Hotspot"
JVM_VERSION="21.0.11+10-LTS"
IMAGE_TYPE="JDK"

Environment Variables:
JAVA_HOME=C:\Program Files\jMonkeyEngine SDK\jdk
PATH=C:\Program Files\Java\jdk-21\bin;C:\Program Files\Common Files\Oracle\Java\javapath;C:\Windows\system32;C:\Windows;C:\Windows\System32\Wbem;C:\Windows\System32\WindowsPowerShell\v1.0\;C:\Program Files\dotnet\;C:\Program Files\Epic\UE_5.7\Engine\Binaries\DotNET\UnrealBuildTool;C:\Users\User\AppData\Local\Muse Hub\lib;C:\Program Files\nodejs\;C:\ProgramData\chocolatey\bin;C:\Program Files\Git\cmd;C:\OSPanel\modules\php\PHP_8.1;C:\ProgramData\ComposerSetup\bin;C:\Program Files\Docker\Docker\resources\bin;C:\Program Files\PuTTY\;C:\Program Files\Java\jdk-21\bin;C:\Users\User\AppData\Local\Android\Sdk\emulator;C:\Users\User\AppData\Local\Android\Sdk\tools;C:\Users\User\AppData\Local\Android\Sdk\tools\bin;C:\Users\User\AppData\Local\Android\Sdk\platform-tools;C:\Program Files\nodejs;C:\Users\User\AppData\Local\Programs\Eclipse Adoptium\jdk-17.0.19.10-hotspot\bin;C:\Users\User\AppData\Local\Microsoft\WindowsApps;C:\Users\User\.dotnet\tools;C:\Users\User\AppData\Local\Muse Hub\lib;C:\Users\User\AppData\Roaming\npm;C:;C:\Windows\system32\config\systemprofile\AppData\Local\Muse Hub\lib;C:\cygwin64\bin;C:\gradle\bin;C:\Users\User\AppData\Local\Programs\Eclipse Adoptium\jdk-17.0.19.10-hotspot\bin;C:\Users\User\AppData\Local\Microsoft\WindowsApps;C:\Users\User\.dotnet\tools;C:\Users\User\AppData\Local\Muse Hub\lib;C:\Users\User\AppData\Roaming\npm;C:\Users\User\AppData\Local\Python\bin;C:\Users\User\AppData\Roaming\Composer\vendor\bin
USERNAME=User
OS=Windows_NT
PROCESSOR_IDENTIFIER=Intel64 Family 6 Model 151 Stepping 5, GenuineIntel
TMP=C:\Users\User\AppData\Local\Temp
TEMP=C:\Users\User\AppData\Local\Temp




Periodic native trim disabled

---------------  S Y S T E M  ---------------

OS:
 Windows 10 , 64 bit Build 19041 (10.0.19041.5915)
OS uptime: 3 days 22:02 hours
Hyper-V role detected

CPU: total 12 (initial active 12) (6 cores per cpu, 2 threads per core) family 6 model 151 stepping 5 microcode 0x36, cx8, cmov, fxsr, ht, mmx, 3dnowpref, sse, sse2, sse3, ssse3, sse4.1, sse4.2, popcnt, lzcnt, tsc, tscinvbit, avx, avx2, aes, erms, clmul, bmi1, bmi2, adx, sha, fma, vzeroupper, clflush, clflushopt, clwb, hv, rdtscp, rdpid, fsrm, f16c, cet_ibt, cet_ss
Processor Information for the first 12 processors :
  Max Mhz: 2500, Current Mhz: 2500, Mhz Limit: 2500

Memory: 4k page, system-wide physical 32621M (21282M free)
TotalPageFile size 60750M (AvailPageFile size 39795M)
current process WorkingSet (physical memory assigned to process): 109M, peak: 109M
current process commit charge ("private bytes"): 724M, peak: 724M

vm_info: OpenJDK 64-Bit Server VM (21.0.11+10-LTS) for windows-amd64 JRE (21.0.11+10-LTS), built on 2026-04-21T00:00:00Z by "admin" with MS VC++ 17.12 (VS2022)

END.
